
11:41:35 PM msg_show.echomsg [Fzf-lua] "codeAction/resolve" failed with error -32603: Request codeAction/resolve failed with message: <semantic> TypeScript Server Error (5.8.3)
Debug Failure. False expression: Expected symbol to be a module
Error: Debug Failure. False expression: Expected symbol to be a module
    at Object.addImportForModuleSymbol (C:\Users\joans\AppData\Local\Volta\tools\image\packages\@vtsls\language-server\node_modules\@vtsls\language-server\node_modules\typescript\lib\typescript.js:157416:11)
    at C:\Users\joans\AppData\Local\Volta\tools\image\packages\@vtsls\language-server\node_modules\@vtsls\language-server\node_modules\typescript\lib\typescript.js:147140:19
    at Map.forEach (<anonymous>)
    at addTargetFileImports (C:\Users\joans\AppData\Local\Volta\tools\image\packages\@vtsls\language-server\node_modules\@vtsls\language-server\node_modules\typescript\lib\typescript.js:147133:17)
    at getNewStatementsAndRemoveFromOldFile (C:\Users\joans\AppData\Local\Volta\tools\image\packages\@vtsls\language-server\node_modules\@vtsls\language-server\node_modules\typescript\lib\typescript.js:146364:3)
    at doChange4 (C:\Users\joans\AppData\Local\Volta\tools\image\packages\@vtsls\language-server\node_modules\@vtsls\language-server\node_modules\typescript\lib\typescript.js:147360:3)
    at C:\Users\joans\AppData\Local\Volta\tools\image\packages\@vtsls\language-server\node_modules\@vtsls\language-server\node_modules\typescript\lib\typescript.js:147349:77
    at _ChangeTracker.with (C:\Users\joans\AppData\Local\Volta\tools\image\packages\@vtsls\language-server\node_modules\@vtsls\language-server\node_modules\typescript\lib\typescript.js:178070:5)
    at Object.getRefactorEditsToMoveToNewFile [as getEditsForAction] (C:\Users\joans\AppData\Local\Volta\tools\image\packages\@vtsls\language-server\node_modules\@vtsls\language-server\node_modules\typescript\lib\typescript.js:147349:60)
    at Object.getEditsForRefactor (C:\Users\joans\AppData\Local\Volta\tools\image\packages\@vtsls\language-server\node_modules\@vtsls\language-server\node_modules\typescript\lib\typescript.js:145454:31)
    at Object.getEditsForRefactor2 [as getEditsForRefactor] (C:\Users\joans\AppData\Local\Volta\tools\image\packages\@vtsls\language-server\node_modules\@vtsls\language-server\node_modules\typescript\lib\typescript.js:152954:32)
    at IpcIOSession.getEditsForRefactor (C:\Users\joans\AppData\Local\Volta\tools\image\packages\@vtsls\language-server\node_modules\@vtsls\language-server\node_modules\typescript\lib\typescript.js:195255:49)
    at getEditsForRefactor (C:\Users\joans\AppData\Local\Volta\tools\image\packages\@vtsls\language-server\node_modules\@vtsls\language-server\node_modules\typescript\lib\typescript.js:193406:43)
    at C:\Users\joans\AppData\Local\Volta\tools\image\packages\@vtsls\language-server\node_modules\@vtsls\language-server\node_modules\typescript\lib\typescript.js:195676:15
    at IpcIOSession.executeWithRequestId (C:\Users\joans\AppData\Local\Volta\tools\image\packages\@vtsls\language-server\node_modules\@vtsls\language-server\node_modules\typescript\lib\typescript.js:195665:14)
    at IpcIOSession.executeCommand (C:\Users\joans\AppData\Local\Volta\tools\image\packages\@vtsls\language-server\node_modules\@vtsls\language-server\node_modules\typescript\lib\typescript.js:195674:29)
    at IpcIOSession.onMessage (C:\Users\joans\AppData\Local\Volta\tools\image\packages\@vtsls\language-server\node_modules\@vtsls\language-server\node_modules\typescript\lib\typescript.js:195722:68)
    at process.<anonymous> (C:\Users\joans\AppData\Local\Volta\tools\image\packages\@vtsls\language-server\node_modules\@vtsls\language-server\node_modules\typescript\lib\_tsserver.js:519:14)
    at process.emit (node:events:524:28)
    at emit (node:internal/child_process:950:14)
    at process.processTicksAndRejections (node:internal/process/task_queues:83:21)